// Jest Snapshot v1, https://goo.gl/fbAQLP

exports[`renders homepage unchanged 1`] = `
<div>
  <div>
    <form>
      <input
        placeholder="digite a sua pesquisa"
        type="text"
        value=""
      />
      <button>
        Search
      </button>
    </form>
    <p>
      Busque o que deseja
    </p>
  </div>
</div>
`;
