// Jest Snapshot v1, https://goo.gl/fbAQLP

exports[`renders homepage unchanged 1`] = `
<div>
  <div
    class="styles__BoxButton-sc-c4zca5-0 iphxnP"
  >
    <a
      href="/subcategory"
    >
      <button
        class="styles__ButtonCategorie-sc-ufcdqw-0 cbhaIi"
      >
        Ammos
      </button>
    </a>
    <a
      href="/subcategory"
    >
      <button
        class="styles__ButtonCategorie-sc-ufcdqw-0 cbhaIi"
      >
        Armors
      </button>
    </a>
    <a
      href="/subcategory"
    >
      <button
        class="styles__ButtonCategorie-sc-ufcdqw-0 cbhaIi"
      >
        Ashes of War
      </button>
    </a>
    <a
      href="/subcategory"
    >
      <button
        class="styles__ButtonCategorie-sc-ufcdqw-0 cbhaIi"
      >
        Bosses
      </button>
    </a>
    <a
      href="/subcategory"
    >
      <button
        class="styles__ButtonCategorie-sc-ufcdqw-0 cbhaIi"
      >
        Classes
      </button>
    </a>
    <a
      href="/subcategory"
    >
      <button
        class="styles__ButtonCategorie-sc-ufcdqw-0 cbhaIi"
      >
        Creatures
      </button>
    </a>
    <a
      href="/subcategory"
    >
      <button
        class="styles__ButtonCategorie-sc-ufcdqw-0 cbhaIi"
      >
        Incantations
      </button>
    </a>
    <a
      href="/subcategory"
    >
      <button
        class="styles__ButtonCategorie-sc-ufcdqw-0 cbhaIi"
      >
        Items
      </button>
    </a>
    <a
      href="/subcategory"
    >
      <button
        class="styles__ButtonCategorie-sc-ufcdqw-0 cbhaIi"
      >
        Locatiosn
      </button>
    </a>
    <a
      href="/subcategory"
    >
      <button
        class="styles__ButtonCategorie-sc-ufcdqw-0 cbhaIi"
      >
        NPCs
      </button>
    </a>
    <a
      href="/subcategory"
    >
      <button
        class="styles__ButtonCategorie-sc-ufcdqw-0 cbhaIi"
      >
        Shields
      </button>
    </a>
    <a
      href="/subcategory"
    >
      <button
        class="styles__ButtonCategorie-sc-ufcdqw-0 cbhaIi"
      >
        Sorceries
      </button>
    </a>
    <a
      href="/subcategory"
    >
      <button
        class="styles__ButtonCategorie-sc-ufcdqw-0 cbhaIi"
      >
        Spirits
      </button>
    </a>
    <a
      href="/subcategory"
    >
      <button
        class="styles__ButtonCategorie-sc-ufcdqw-0 cbhaIi"
      >
        Talismans
      </button>
    </a>
    <a
      href="/subcategory"
    >
      <button
        class="styles__ButtonCategorie-sc-ufcdqw-0 cbhaIi"
      >
        Weapons
      </button>
    </a>
  </div>
</div>
`;
